// Jest Snapshot v1, https://goo.gl/fbAQLP

exports[`Pruebas con el <ProductApp /> deberia de renderizar correctamente 1`] = `
<h1>
  Productos!
</h1>
`;
